[2026-10-08 09:39:39,834] INFO Trying to read config from: /mnt/c/Users/nurbek/Desktop/DaceDSX/_data/results/opendss_full_run/config.properties (Config:138)
Config found!
schemaRegistry: http://localhost:8081
topicStatusMsg: status
rootDir: /mnt/c/Users/nurbek/Desktop/DaceDSX/_data/results/opendss_full_run
requestMaxAge: 16892371447030
resourceDir: /mnt/c/Users/nurbek/Desktop/DaceDSX/_data/results/opendss_full_run
topicResult: result
topicResource: resource
channelProvision: provision.simulation
channelInteraction: interaction.simulation
topicScenario: scenario
topicCtrlMsg: ctrl
executablesRoot: /mnt/c/Users/nurbek/Desktop/DaceDSX/_data/executables
channelOrchestration: orchestration.simulation
topicSyncMsg: sync
kafkaBroker: localhost:9092
logDir: /mnt/c/Users/nurbek/Desktop/DaceDSX/_data/results/opendss_full_run
definitionDirectory: /mnt/c/Users/nurbek/Desktop/DaceDSX/_data
Prop: {schemaRegistry=http://localhost:8081, topicStatusMsg=status, rootDir=/mnt/c/Users/nurbek/Desktop/DaceDSX/_data/results/opendss_full_run, requestMaxAge=16892371447030, resourceDir=/mnt/c/Users/nurbek/Desktop/DaceDSX/_data/results/opendss_full_run, topicResult=result, topicResource=resource, channelProvision=provision.simulation, channelInteraction=interaction.simulation, topicScenario=scenario, topicCtrlMsg=ctrl, executablesRoot=/mnt/c/Users/nurbek/Desktop/DaceDSX/_data/executables, channelOrchestration=orchestration.simulation, topicSyncMsg=sync, kafkaBroker=localhost:9092, logDir=/mnt/c/Users/nurbek/Desktop/DaceDSX/_data/results/opendss_full_run, definitionDirectory=/mnt/c/Users/nurbek/Desktop/DaceDSX/_data}
[2026-10-08 09:39:39,878] INFO  (eu.fau.cs7.daceDS.SimService.SimulationService:66)
[2026-10-08 09:39:39,885] INFO  (eu.fau.cs7.daceDS.SimService.SimulationService:67)
[2026-10-08 09:39:39,886] INFO  (eu.fau.cs7.daceDS.SimService.SimulationService:68)
[2026-10-08 09:39:39,887] INFO SimulationService started (eu.fau.cs7.daceDS.SimService.SimulationService:69)
[2026-10-08 09:39:39,887] INFO  (eu.fau.cs7.daceDS.SimService.SimulationService:70)
[2026-10-08 09:39:39,888] INFO  (eu.fau.cs7.daceDS.SimService.SimulationService:71)
[2026-10-08 09:39:39,888] INFO Connecting to localhost:9092 (eu.fau.cs7.daceDS.SimService.SimulationService:72)
[2026-10-08 09:39:39,890] INFO Connecting... kafka=localhost:9092, registry=http://localhost:8081 (eu.fau.cs7.daceDS.SimService.SimulationService:73)
SLF4J: No SLF4J providers were found.
SLF4J: Defaulting to no-operation (NOP) logger implementation
SLF4J: See http://www.slf4j.org/codes.html#noProviders for further details.
SLF4J: Class path contains SLF4J bindings targeting slf4j-api versions prior to 1.8.
SLF4J: Ignoring binding found at [jar:file:/mnt/c/Users/nurbek/Desktop/DaceDSX/_data/results/opendss_full_run/SimService-0.1-jar-with-dependencies.jar!/org/slf4j/impl/StaticLoggerBinder.class]
SLF4J: See http://www.slf4j.org/codes.html#ignoredBindings for an explanation.
Setting properties for Kafka
[2026-10-08 09:39:41,441] INFO Producer will connect to localhost:9092 and http://localhost:8081 (eu.fau.cs7.daceDS.Kafka.ProducerImplKafka:69)
[2026-10-08 09:39:41,465] INFO keepAliveReader1791445179890 started subscribing:  (eu.fau.cs7.daceDS.Kafka.ConsumerImplKafka:100)
[2026-10-08 09:39:41,467] INFO orchestration.simulation.keepAlive,  (eu.fau.cs7.daceDS.Kafka.ConsumerImplKafka:102)
[2026-10-08 09:39:41,470] INFO subscribed to: (eu.fau.cs7.daceDS.Kafka.ConsumerImplKafka:120)
[2026-10-08 09:39:41,470] INFO autopolling enabled (eu.fau.cs7.daceDS.Kafka.ConsumerImplKafka:109)
[2026-10-08 09:39:41,472] INFO orchestration.simulation.keepAlive (eu.fau.cs7.daceDS.Kafka.ConsumerImplKafka:122)
Setting properties for Kafka
[2026-10-08 09:39:41,486] INFO Producer will connect to localhost:9092 and http://localhost:8081 (eu.fau.cs7.daceDS.Kafka.ProducerImplKafka:69)
[2026-10-08 09:39:42,943] INFO Online! 2 topics are listed by broker (eu.fau.cs7.daceDS.SimService.SimulationService:97)
definitionDirectory: /mnt/c/Users/nurbek/Desktop/DaceDSX/_data/domains
definitionDirectory: /mnt/c/Users/nurbek/Desktop/DaceDSX/_data/layers
definitionDirectory: /mnt/c/Users/nurbek/Desktop/DaceDSX/_data/components
definitionDirectory: /mnt/c/Users/nurbek/Desktop/DaceDSX/_data/connectors
Setting properties for Kafka
[2026-10-08 09:39:44,609] INFO Producer will connect to localhost:9092 and http://localhost:8081 (eu.fau.cs7.daceDS.Kafka.ProducerImplKafka:58)
[2026-10-08 09:39:46,537] INFO Starting to listen on orchestration.simulation (eu.fau.cs7.daceDS.SimService.SimulationService:141)
[2026-10-08 09:39:51,613] INFO Received new request: {"scenarioID": "smoke_f35fed3dd72e4874a8a74ef817939af2", "domainReferences": {}, "simulationStart": 0, "simulationEnd": 10000, "execution": {"randomSeed": 23, "constraints": "", "priority": 0, "syncedParticipants": 1}, "buildingBlocks": [{"instanceID": "opendss0", "domain": "energy", "layer": "network", "type": "OpenDSSWrapper", "stepLength": 1000, "isExternal": false, "parameters": {}, "resources": {"FourBus.dss": "Network"}, "results": {}, "responsibilities": ["*"], "synchronized": true, "observers": [{"task": "publish", "element": "bus", "filter": "sourcebus, bus2, bus3, bus4", "period": 1000, "trigger": "", "type": "avro"}]}], "translators": [], "projectors": []} (eu.fau.cs7.daceDS.SimService.SimulationService:162)
[2026-10-08 09:39:51,617] INFO Handing Scenario smoke_f35fed3dd72e4874a8a74ef817939af2 to ScenarioRunner (eu.fau.cs7.daceDS.SimService.ScenarioManager:151)
[2026-10-08 09:39:51,620] INFO Running scenario smoke_f35fed3dd72e4874a8a74ef817939af2 (eu.fau.cs7.daceDS.SimService.ScenarioInstanceExecutor:111)
[2026-10-08 09:39:51,621] INFO No. of trafficsims: 1 (eu.fau.cs7.daceDS.SimService.ScenarioInstanceExecutor:112)
[2026-10-08 09:39:51,629] INFO Added thread for opendss0 (eu.fau.cs7.daceDS.SimService.ScenarioInstanceExecutor:119)
[2026-10-08 09:39:51,631] INFO Callstring is: /mnt/c/Users/nurbek/Desktop/DaceDSX/_data/executables/OpenDSSWrapper/run.sh smoke_f35fed3dd72e4874a8a74ef817939af2 opendss0 (eu.fau.cs7.daceDS.SimService.ExecutorThread.OpenDSSWrapper.opendss0:68)
[2026-10-08 09:39:52,632] INFO Acking SCE to provision.simulation.smoke_f35fed3dd72e4874a8a74ef817939af2.scenario (eu.fau.cs7.daceDS.SimService.ScenarioInstanceExecutor:94)
Setting properties for Kafka
[2026-10-08 09:39:52,641] INFO Producer will connect to localhost:9092 and http://localhost:8081 (eu.fau.cs7.daceDS.Kafka.ProducerImplKafka:58)
Closing Producer
[2026-10-08 09:39:52,688] INFO ScenarioRunnerThread is started for smoke_f35fed3dd72e4874a8a74ef817939af2 (eu.fau.cs7.daceDS.SimService.ScenarioInstanceExecutor:56)
[2026-10-08 09:39:52,693] INFO RunSimFromKafka: Scenario smoke_f35fed3dd72e4874a8a74ef817939af2 started. Currently there are 1 scenarios running. (eu.fau.cs7.daceDS.SimService.ScenarioManager:164)
[2026-10-08 09:39:52,711] INFO 1 running scenarios, 0 terminated scenarios (eu.fau.cs7.daceDS.SimService.SimulationService:250)
[2026-10-08 09:39:52,719] INFO Publishing: Hello! It is Thu Oct 08 09:39:52 CEST 2026 (eu.fau.cs7.daceDS.SimService.KeepAlive:86)
[2026-10-08 09:39:52,734] INFO Waiting... (eu.fau.cs7.daceDS.SimService.KeepAlive:93)
[2026-10-08 09:39:52,739] INFO Got response: Hello! It is Thu Oct 08 09:39:52 CEST 2026 (eu.fau.cs7.daceDS.SimService.KeepAlive:115)
[2026-10-08 09:40:24,461] INFO opendss0: Exit value: 0 (eu.fau.cs7.daceDS.SimService.ExecutorThread.OpenDSSWrapper.opendss0:79)
[2026-10-08 09:40:24,463] INFO Killstring is: /mnt/c/Users/nurbek/Desktop/DaceDSX/_data/executables/OpenDSSWrapper/kill.sh smoke_f35fed3dd72e4874a8a74ef817939af2 opendss0 (eu.fau.cs7.daceDS.SimService.ExecutorThread.OpenDSSWrapper.opendss0:53)
[2026-10-08 09:40:24,467] INFO ScenarioRunnerThread is exiting for smoke_f35fed3dd72e4874a8a74ef817939af2 (eu.fau.cs7.daceDS.SimService.ScenarioInstanceExecutor:69)
[2026-10-08 09:40:28,943] INFO Thread-2 terminated, ending sim #smoke_f35fed3dd72e4874a8a74ef817939af2 (eu.fau.cs7.daceDS.SimService.ScenarioManager:115)
[2026-10-08 09:40:28,996] INFO smoke_f35fed3dd72e4874a8a74ef817939af2 was ended  (eu.fau.cs7.daceDS.SimService.SimulationService:240)
[2026-10-08 09:40:29,097] INFO 0 running scenarios, 1 terminated scenarios (eu.fau.cs7.daceDS.SimService.SimulationService:250)
[2026-10-08 09:40:45,237] INFO Received new request: {"scenarioID": "smoke_23455dc7b4ed409aa2e6267448c5076b", "domainReferences": {}, "simulationStart": 0, "simulationEnd": 10000, "execution": {"randomSeed": 23, "constraints": "", "priority": 0, "syncedParticipants": 1}, "buildingBlocks": [{"instanceID": "opendss0", "domain": "energy", "layer": "network", "type": "OpenDSSWrapper", "stepLength": 1000, "isExternal": false, "parameters": {}, "resources": {"FourBus.dss": "Network"}, "results": {}, "responsibilities": ["*"], "synchronized": true, "observers": [{"task": "publish", "element": "bus", "filter": "nonexistent_bus", "period": 1000, "trigger": "", "type": "avro"}]}], "translators": [], "projectors": []} (eu.fau.cs7.daceDS.SimService.SimulationService:162)
[2026-10-08 09:40:45,239] INFO Handing Scenario smoke_23455dc7b4ed409aa2e6267448c5076b to ScenarioRunner (eu.fau.cs7.daceDS.SimService.ScenarioManager:151)
[2026-10-08 09:40:45,240] INFO Running scenario smoke_23455dc7b4ed409aa2e6267448c5076b (eu.fau.cs7.daceDS.SimService.ScenarioInstanceExecutor:111)
[2026-10-08 09:40:45,240] INFO No. of trafficsims: 1 (eu.fau.cs7.daceDS.SimService.ScenarioInstanceExecutor:112)
[2026-10-08 09:40:45,241] INFO Added thread for opendss0 (eu.fau.cs7.daceDS.SimService.ScenarioInstanceExecutor:119)
[2026-10-08 09:40:45,242] INFO Callstring is: /mnt/c/Users/nurbek/Desktop/DaceDSX/_data/executables/OpenDSSWrapper/run.sh smoke_23455dc7b4ed409aa2e6267448c5076b opendss0 (eu.fau.cs7.daceDS.SimService.ExecutorThread.OpenDSSWrapper.opendss0:68)
[2026-10-08 09:40:46,242] INFO Acking SCE to provision.simulation.smoke_23455dc7b4ed409aa2e6267448c5076b.scenario (eu.fau.cs7.daceDS.SimService.ScenarioInstanceExecutor:94)
Setting properties for Kafka
[2026-10-08 09:40:46,252] INFO Producer will connect to localhost:9092 and http://localhost:8081 (eu.fau.cs7.daceDS.Kafka.ProducerImplKafka:58)
Closing Producer
[2026-10-08 09:40:46,293] INFO RunSimFromKafka: Scenario smoke_23455dc7b4ed409aa2e6267448c5076b started. Currently there are 1 scenarios running. (eu.fau.cs7.daceDS.SimService.ScenarioManager:164)
[2026-10-08 09:40:46,294] INFO ScenarioRunnerThread is started for smoke_23455dc7b4ed409aa2e6267448c5076b (eu.fau.cs7.daceDS.SimService.ScenarioInstanceExecutor:56)
[2026-10-08 09:40:46,307] INFO 1 running scenarios, 1 terminated scenarios (eu.fau.cs7.daceDS.SimService.SimulationService:250)
[2026-10-08 09:40:59,302] INFO opendss0: Exit value: 1 (eu.fau.cs7.daceDS.SimService.ExecutorThread.OpenDSSWrapper.opendss0:79)
[2026-10-08 09:40:59,306] INFO Killstring is: /mnt/c/Users/nurbek/Desktop/DaceDSX/_data/executables/OpenDSSWrapper/kill.sh smoke_23455dc7b4ed409aa2e6267448c5076b opendss0 (eu.fau.cs7.daceDS.SimService.ExecutorThread.OpenDSSWrapper.opendss0:53)
[2026-10-08 09:40:59,344] INFO ScenarioRunnerThread is exiting for smoke_23455dc7b4ed409aa2e6267448c5076b (eu.fau.cs7.daceDS.SimService.ScenarioInstanceExecutor:69)
