[2026-10-08 09:29:52,348] INFO Trying to read config from: /mnt/c/Users/nurbek/Desktop/DaceDSX/_data/results/opendss_full_run/config.properties (Config:138)
Config found!
schemaRegistry: http://localhost:8081
topicStatusMsg: status
rootDir: /mnt/c/Users/nurbek/Desktop/DaceDSX/_data/results/opendss_full_run
requestMaxAge: 16892371447030
resourceDir: /mnt/c/Users/nurbek/Desktop/DaceDSX/_data/results/opendss_full_run
topicResult: result
topicResource: resource
channelProvision: provision.simulation
channelInteraction: interaction.simulation
topicScenario: scenario
topicCtrlMsg: ctrl
executablesRoot: /mnt/c/Users/nurbek/Desktop/DaceDSX/_data/executables
channelOrchestration: orchestration.simulation
topicSyncMsg: sync
kafkaBroker: localhost:9092
logDir: /mnt/c/Users/nurbek/Desktop/DaceDSX/_data/results/opendss_full_run
definitionDirectory: /mnt/c/Users/nurbek/Desktop/DaceDSX/_data
Prop: {schemaRegistry=http://localhost:8081, topicStatusMsg=status, rootDir=/mnt/c/Users/nurbek/Desktop/DaceDSX/_data/results/opendss_full_run, requestMaxAge=16892371447030, resourceDir=/mnt/c/Users/nurbek/Desktop/DaceDSX/_data/results/opendss_full_run, topicResult=result, topicResource=resource, channelProvision=provision.simulation, channelInteraction=interaction.simulation, topicScenario=scenario, topicCtrlMsg=ctrl, executablesRoot=/mnt/c/Users/nurbek/Desktop/DaceDSX/_data/executables, channelOrchestration=orchestration.simulation, topicSyncMsg=sync, kafkaBroker=localhost:9092, logDir=/mnt/c/Users/nurbek/Desktop/DaceDSX/_data/results/opendss_full_run, definitionDirectory=/mnt/c/Users/nurbek/Desktop/DaceDSX/_data}


resourcepath is /mnt/c/Users/nurbek/Desktop/DaceDSX/_data/results/opendss_full_run
trying to open /mnt/c/Users/nurbek/Desktop/DaceDSX/_data/results/opendss_full_run/smoke_2c31c82902594b688ac909450882fc2b.json
org.apache.avro.io.JsonDecoder@7a52f2a2
[2026-10-08 09:29:52,690] INFO ScenarioDescription parsed! (eu.fau.cs7.daceDS.SimService.Utils.SendScenarioObject:131)
[2026-10-08 09:29:52,692] INFO json={"scenarioID": "smoke_2c31c82902594b688ac909450882fc2b", "domainReferences": {}, "simulationStart": 0, "simulationEnd": 10000, "execution": {"randomSeed": 23, "constraints": "", "priority": 0, "syncedParticipants": 1}, "buildingBlocks": [{"instanceID": "opendss0", "domain": "energy", "layer": "network", "type": "OpenDSSWrapper", "stepLength": 1000, "isExternal": false, "parameters": {}, "resources": {"FourBus.dss": "Network"}, "results": {}, "responsibilities": ["*"], "synchronized": true, "observers": [{"task": "publish", "element": "bus", "filter": "sourcebus, bus2, bus3, bus4", "period": 1000, "trigger": "", "type": "avro"}]}], "translators": [], "projectors": []} (eu.fau.cs7.daceDS.SimService.Utils.SendScenarioObject:133)
Setting properties for Kafka
[2026-10-08 09:29:52,933] INFO KafkaAvroSerializerConfig values: 
	auto.register.schemas = true
	avro.remove.java.properties = false
	basic.auth.credentials.source = URL
	basic.auth.user.info = [hidden]
	bearer.auth.credentials.source = STATIC_TOKEN
	bearer.auth.token = [hidden]
	key.subject.name.strategy = class io.confluent.kafka.serializers.subject.TopicNameStrategy
	latest.compatibility.strict = true
	max.schemas.per.subject = 1000
	proxy.host = 
	proxy.port = -1
	schema.reflection = false
	schema.registry.basic.auth.user.info = [hidden]
	schema.registry.ssl.cipher.suites = null
	schema.registry.ssl.enabled.protocols = [TLSv1.2, TLSv1.3]
	schema.registry.ssl.endpoint.identification.algorithm = https
	schema.registry.ssl.engine.factory.class = null
	schema.registry.ssl.key.password = null
	schema.registry.ssl.keymanager.algorithm = SunX509
	schema.registry.ssl.keystore.certificate.chain = null
	schema.registry.ssl.keystore.key = null
	schema.registry.ssl.keystore.location = null
	schema.registry.ssl.keystore.password = null
	schema.registry.ssl.keystore.type = JKS
	schema.registry.ssl.protocol = TLSv1.3
	schema.registry.ssl.provider = null
	schema.registry.ssl.secure.random.implementation = null
	schema.registry.ssl.trustmanager.algorithm = PKIX
	schema.registry.ssl.truststore.certificates = null
	schema.registry.ssl.truststore.location = null
	schema.registry.ssl.truststore.password = null
	schema.registry.ssl.truststore.type = JKS
	schema.registry.url = [http://localhost:8081]
	use.latest.version = false
	value.subject.name.strategy = class io.confluent.kafka.serializers.subject.RecordNameStrategy
 (io.confluent.kafka.serializers.KafkaAvroSerializerConfig:372)
[2026-10-08 09:29:53,172] INFO Producer will connect to localhost:9092 and http://localhost:8081 (eu.fau.cs7.daceDS.Kafka.ProducerImplKafka:58)
[2026-10-08 09:29:53,173] INFO KafkaPublisher initialized. (eu.fau.cs7.daceDS.SimService.Utils.SendScenarioObject:145)
[2026-10-08 09:29:53,951] INFO ScenarioDescription sent to orchestration.simulation. Waiting for ack... (eu.fau.cs7.daceDS.SimService.Utils.SendScenarioObject:147)
[2026-10-08 09:29:53,973] INFO KafkaAvroDeserializerConfig values: 
	auto.register.schemas = true
	basic.auth.credentials.source = URL
	basic.auth.user.info = [hidden]
	bearer.auth.credentials.source = STATIC_TOKEN
	bearer.auth.token = [hidden]
	key.subject.name.strategy = class io.confluent.kafka.serializers.subject.TopicNameStrategy
	latest.compatibility.strict = true
	max.schemas.per.subject = 1000
	proxy.host = 
	proxy.port = -1
	schema.reflection = false
	schema.registry.basic.auth.user.info = [hidden]
	schema.registry.ssl.cipher.suites = null
	schema.registry.ssl.enabled.protocols = [TLSv1.2, TLSv1.3]
	schema.registry.ssl.endpoint.identification.algorithm = https
	schema.registry.ssl.engine.factory.class = null
	schema.registry.ssl.key.password = null
	schema.registry.ssl.keymanager.algorithm = SunX509
	schema.registry.ssl.keystore.certificate.chain = null
	schema.registry.ssl.keystore.key = null
	schema.registry.ssl.keystore.location = null
	schema.registry.ssl.keystore.password = null
	schema.registry.ssl.keystore.type = JKS
	schema.registry.ssl.protocol = TLSv1.3
	schema.registry.ssl.provider = null
	schema.registry.ssl.secure.random.implementation = null
	schema.registry.ssl.trustmanager.algorithm = PKIX
	schema.registry.ssl.truststore.certificates = null
	schema.registry.ssl.truststore.location = null
	schema.registry.ssl.truststore.password = null
	schema.registry.ssl.truststore.type = JKS
	schema.registry.url = [http://localhost:8081]
	specific.avro.reader = true
	use.latest.version = false
	value.subject.name.strategy = class io.confluent.kafka.serializers.subject.RecordNameStrategy
 (io.confluent.kafka.serializers.KafkaAvroDeserializerConfig:372)
Wait for acceptance by checking ack in provision.simulation.smoke_2c31c82902594b688ac909450882fc2b.scenario
msg:0
msg:1
Listening ....
SendScenarioObject: Scenario accepted
Setting properties for Kafka
[2026-10-08 09:29:56,125] INFO KafkaAvroSerializerConfig values: 
	auto.register.schemas = true
	avro.remove.java.properties = false
	basic.auth.credentials.source = URL
	basic.auth.user.info = [hidden]
	bearer.auth.credentials.source = STATIC_TOKEN
	bearer.auth.token = [hidden]
	key.subject.name.strategy = class io.confluent.kafka.serializers.subject.TopicNameStrategy
	latest.compatibility.strict = true
	max.schemas.per.subject = 1000
	proxy.host = 
	proxy.port = -1
	schema.reflection = false
	schema.registry.basic.auth.user.info = [hidden]
	schema.registry.ssl.cipher.suites = null
	schema.registry.ssl.enabled.protocols = [TLSv1.2, TLSv1.3]
	schema.registry.ssl.endpoint.identification.algorithm = https
	schema.registry.ssl.engine.factory.class = null
	schema.registry.ssl.key.password = null
	schema.registry.ssl.keymanager.algorithm = SunX509
	schema.registry.ssl.keystore.certificate.chain = null
	schema.registry.ssl.keystore.key = null
	schema.registry.ssl.keystore.location = null
	schema.registry.ssl.keystore.password = null
	schema.registry.ssl.keystore.type = JKS
	schema.registry.ssl.protocol = TLSv1.3
	schema.registry.ssl.provider = null
	schema.registry.ssl.secure.random.implementation = null
	schema.registry.ssl.trustmanager.algorithm = PKIX
	schema.registry.ssl.truststore.certificates = null
	schema.registry.ssl.truststore.location = null
	schema.registry.ssl.truststore.password = null
	schema.registry.ssl.truststore.type = JKS
	schema.registry.url = [http://localhost:8081]
	use.latest.version = false
	value.subject.name.strategy = class io.confluent.kafka.serializers.subject.RecordNameStrategy
 (io.confluent.kafka.serializers.KafkaAvroSerializerConfig:372)
[2026-10-08 09:29:56,129] INFO Producer will connect to localhost:9092 and http://localhost:8081 (eu.fau.cs7.daceDS.Kafka.ProducerImplKafka:58)
[2026-10-08 09:29:56,133] INFO Publishing resources... (eu.fau.cs7.daceDS.SimService.Utils.SendScenarioObject:162)
[2026-10-08 09:29:56,268] INFO Published dummy resource  (eu.fau.cs7.daceDS.SimService.Utils.SendScenarioObject:208)
[2026-10-08 09:29:56,268] INFO File Path:/mnt/c/Users/nurbek/Desktop/DaceDSX/_data/results/opendss_full_run/FourBus.dss (eu.fau.cs7.daceDS.SimService.Utils.SendScenarioObject:228)
[2026-10-08 09:29:56,274] INFO Published resource: FourBus.dss as Network on provision.simulation.smoke_2c31c82902594b688ac909450882fc2b.resource (eu.fau.cs7.daceDS.SimService.Utils.SendScenarioObject:238)
[2026-10-08 09:29:56,274] INFO Publishing resources... Done! (eu.fau.cs7.daceDS.SimService.Utils.SendScenarioObject:264)
[2026-10-08 09:29:56,276] INFO String-Listener is triggered for status (eu.fau.cs7.daceDS.SimService.Utils.SendScenarioObject:271)
[2026-10-08 09:29:56,277] INFO No listener was requested! Simulation should run -> I am done! (eu.fau.cs7.daceDS.SimService.Utils.SendScenarioObject:323)
listening to pattern=orchestration\.simulation\.smoke_2c31c82902594b688ac909450882fc2b\.status
[34m[0000001] [0mlogical: -1 | orchestration.simulation.smoke_2c31c82902594b688ac909450882fc2b.status | opendss0: started
[34m[0000002] [0mlogical: -1 | orchestration.simulation.smoke_2c31c82902594b688ac909450882fc2b.status | opendss0: waiting for resources
[34m[0000003] [0mlogical: -1 | orchestration.simulation.smoke_2c31c82902594b688ac909450882fc2b.status | opendss0: initialized
[34m[0000004] [0mlogical: -1 | orchestration.simulation.smoke_2c31c82902594b688ac909450882fc2b.status | opendss0: simulating
[34m[0000005] [0mlogical: -1 | orchestration.simulation.smoke_2c31c82902594b688ac909450882fc2b.status | opendss0: finished
Found 'finished' status: assuming sce to be done and exiting.
The scenario took roughly 0 seconds. Bye bye :-) 
smoke_2c31c82902594b688ac909450882fc2b 597ms



