[2026-10-08 09:39:47,933] INFO Trying to read config from: /mnt/c/Users/nurbek/Desktop/DaceDSX/_data/results/opendss_full_run/config.properties (Config:138)
Config found!
schemaRegistry: http://localhost:8081
topicStatusMsg: status
rootDir: /mnt/c/Users/nurbek/Desktop/DaceDSX/_data/results/opendss_full_run
requestMaxAge: 16892371447030
resourceDir: /mnt/c/Users/nurbek/Desktop/DaceDSX/_data/results/opendss_full_run
topicResult: result
topicResource: resource
channelProvision: provision.simulation
channelInteraction: interaction.simulation
topicScenario: scenario
topicCtrlMsg: ctrl
executablesRoot: /mnt/c/Users/nurbek/Desktop/DaceDSX/_data/executables
channelOrchestration: orchestration.simulation
topicSyncMsg: sync
kafkaBroker: localhost:9092
logDir: /mnt/c/Users/nurbek/Desktop/DaceDSX/_data/results/opendss_full_run
definitionDirectory: /mnt/c/Users/nurbek/Desktop/DaceDSX/_data
Prop: {schemaRegistry=http://localhost:8081, topicStatusMsg=status, rootDir=/mnt/c/Users/nurbek/Desktop/DaceDSX/_data/results/opendss_full_run, requestMaxAge=16892371447030, resourceDir=/mnt/c/Users/nurbek/Desktop/DaceDSX/_data/results/opendss_full_run, topicResult=result, topicResource=resource, channelProvision=provision.simulation, channelInteraction=interaction.simulation, topicScenario=scenario, topicCtrlMsg=ctrl, executablesRoot=/mnt/c/Users/nurbek/Desktop/DaceDSX/_data/executables, channelOrchestration=orchestration.simulation, topicSyncMsg=sync, kafkaBroker=localhost:9092, logDir=/mnt/c/Users/nurbek/Desktop/DaceDSX/_data/results/opendss_full_run, definitionDirectory=/mnt/c/Users/nurbek/Desktop/DaceDSX/_data}


resourcepath is /mnt/c/Users/nurbek/Desktop/DaceDSX/_data/results/opendss_full_run
trying to open /mnt/c/Users/nurbek/Desktop/DaceDSX/_data/results/opendss_full_run/smoke_f35fed3dd72e4874a8a74ef817939af2.json
SLF4J: No SLF4J providers were found.
SLF4J: Defaulting to no-operation (NOP) logger implementation
SLF4J: See http://www.slf4j.org/codes.html#noProviders for further details.
SLF4J: Class path contains SLF4J bindings targeting slf4j-api versions prior to 1.8.
SLF4J: Ignoring binding found at [jar:file:/mnt/c/Users/nurbek/Desktop/DaceDSX/_data/results/opendss_full_run/SendScenarioObject.jar!/org/slf4j/impl/StaticLoggerBinder.class]
SLF4J: See http://www.slf4j.org/codes.html#ignoredBindings for an explanation.
org.apache.avro.io.JsonDecoder@78dd667e
[2026-10-08 09:39:49,094] INFO ScenarioDescription parsed! (eu.fau.cs7.daceDS.SimService.Utils.SendScenarioObject:132)
[2026-10-08 09:39:49,098] INFO json={"scenarioID": "smoke_f35fed3dd72e4874a8a74ef817939af2", "domainReferences": {}, "simulationStart": 0, "simulationEnd": 10000, "execution": {"randomSeed": 23, "constraints": "", "priority": 0, "syncedParticipants": 1}, "buildingBlocks": [{"instanceID": "opendss0", "domain": "energy", "layer": "network", "type": "OpenDSSWrapper", "stepLength": 1000, "isExternal": false, "parameters": {}, "resources": {"FourBus.dss": "Network"}, "results": {}, "responsibilities": ["*"], "synchronized": true, "observers": [{"task": "publish", "element": "bus", "filter": "sourcebus, bus2, bus3, bus4", "period": 1000, "trigger": "", "type": "avro"}]}], "translators": [], "projectors": []} (eu.fau.cs7.daceDS.SimService.Utils.SendScenarioObject:134)
Setting properties for Kafka
[2026-10-08 09:39:50,190] INFO Producer will connect to localhost:9092 and http://localhost:8081 (eu.fau.cs7.daceDS.Kafka.ProducerImplKafka:58)
[2026-10-08 09:39:50,190] INFO KafkaPublisher initialized. (eu.fau.cs7.daceDS.SimService.Utils.SendScenarioObject:146)
[2026-10-08 09:39:51,450] INFO ScenarioDescription sent to orchestration.simulation. Waiting for ack... (eu.fau.cs7.daceDS.SimService.Utils.SendScenarioObject:148)
Wait for acceptance by checking ack in provision.simulation.smoke_f35fed3dd72e4874a8a74ef817939af2.scenario
msg:0
msg:1
Listening ....
SendScenarioObject: Scenario accepted
Setting properties for Kafka
[2026-10-08 09:39:53,779] INFO Producer will connect to localhost:9092 and http://localhost:8081 (eu.fau.cs7.daceDS.Kafka.ProducerImplKafka:58)
[2026-10-08 09:39:53,784] INFO Publishing resources... (eu.fau.cs7.daceDS.SimService.Utils.SendScenarioObject:163)
[2026-10-08 09:39:54,240] INFO Published dummy resource  (eu.fau.cs7.daceDS.SimService.Utils.SendScenarioObject:209)
[2026-10-08 09:39:54,248] INFO File Path:/mnt/c/Users/nurbek/Desktop/DaceDSX/_data/results/opendss_full_run/FourBus.dss (eu.fau.cs7.daceDS.SimService.Utils.SendScenarioObject:229)
[2026-10-08 09:39:54,272] INFO Published resource: FourBus.dss as Network on provision.simulation.smoke_f35fed3dd72e4874a8a74ef817939af2.resource (eu.fau.cs7.daceDS.SimService.Utils.SendScenarioObject:239)
[2026-10-08 09:39:54,276] INFO Publishing resources... Done! (eu.fau.cs7.daceDS.SimService.Utils.SendScenarioObject:265)
[2026-10-08 09:39:54,301] INFO String-Listener is triggered for status (eu.fau.cs7.daceDS.SimService.Utils.SendScenarioObject:272)
[2026-10-08 09:39:54,303] INFO No listener was requested! Simulation should run -> I am done! (eu.fau.cs7.daceDS.SimService.Utils.SendScenarioObject:324)
listening to pattern=orchestration\.simulation\.smoke_f35fed3dd72e4874a8a74ef817939af2\.status
[34m[0000001] [0mlogical: -1 | orchestration.simulation.smoke_f35fed3dd72e4874a8a74ef817939af2.status | opendss0: started
[34m[0000002] [0mlogical: -1 | orchestration.simulation.smoke_f35fed3dd72e4874a8a74ef817939af2.status | opendss0: waiting for resources
[34m[0000003] [0mlogical: -1 | orchestration.simulation.smoke_f35fed3dd72e4874a8a74ef817939af2.status | opendss0: initialized
[34m[0000004] [0mlogical: -1 | orchestration.simulation.smoke_f35fed3dd72e4874a8a74ef817939af2.status | opendss0: simulating
[34m[0000005] [0mlogical: -1 | orchestration.simulation.smoke_f35fed3dd72e4874a8a74ef817939af2.status | opendss0: finished
Found 'finished' status: assuming sce to be done and exiting.
The scenario took roughly 1 seconds. Bye bye :-) 
smoke_f35fed3dd72e4874a8a74ef817939af2 1001ms



Closing Producer
Closing Producer
