[2026-10-08 09:30:16,976] INFO Trying to read config from: /mnt/c/Users/nurbek/Desktop/DaceDSX/_data/results/opendss_full_run/config.properties (Config:138)
Config found!
schemaRegistry: http://localhost:8081
topicStatusMsg: status
rootDir: /mnt/c/Users/nurbek/Desktop/DaceDSX/_data/results/opendss_full_run
requestMaxAge: 16892371447030
resourceDir: /mnt/c/Users/nurbek/Desktop/DaceDSX/_data/results/opendss_full_run
topicResult: result
topicResource: resource
channelProvision: provision.simulation
channelInteraction: interaction.simulation
topicScenario: scenario
topicCtrlMsg: ctrl
executablesRoot: /mnt/c/Users/nurbek/Desktop/DaceDSX/_data/executables
channelOrchestration: orchestration.simulation
topicSyncMsg: sync
kafkaBroker: localhost:9092
logDir: /mnt/c/Users/nurbek/Desktop/DaceDSX/_data/results/opendss_full_run
definitionDirectory: /mnt/c/Users/nurbek/Desktop/DaceDSX/_data
Prop: {schemaRegistry=http://localhost:8081, topicStatusMsg=status, rootDir=/mnt/c/Users/nurbek/Desktop/DaceDSX/_data/results/opendss_full_run, requestMaxAge=16892371447030, resourceDir=/mnt/c/Users/nurbek/Desktop/DaceDSX/_data/results/opendss_full_run, topicResult=result, topicResource=resource, channelProvision=provision.simulation, channelInteraction=interaction.simulation, topicScenario=scenario, topicCtrlMsg=ctrl, executablesRoot=/mnt/c/Users/nurbek/Desktop/DaceDSX/_data/executables, channelOrchestration=orchestration.simulation, topicSyncMsg=sync, kafkaBroker=localhost:9092, logDir=/mnt/c/Users/nurbek/Desktop/DaceDSX/_data/results/opendss_full_run, definitionDirectory=/mnt/c/Users/nurbek/Desktop/DaceDSX/_data}


resourcepath is /mnt/c/Users/nurbek/Desktop/DaceDSX/_data/results/opendss_full_run
trying to open /mnt/c/Users/nurbek/Desktop/DaceDSX/_data/results/opendss_full_run/smoke_accb75a529b444b18518cc705828920e.json
org.apache.avro.io.JsonDecoder@7a52f2a2
[2026-10-08 09:30:17,382] INFO ScenarioDescription parsed! (eu.fau.cs7.daceDS.SimService.Utils.SendScenarioObject:131)
[2026-10-08 09:30:17,383] INFO json={"scenarioID": "smoke_accb75a529b444b18518cc705828920e", "domainReferences": {}, "simulationStart": 0, "simulationEnd": 10000, "execution": {"randomSeed": 23, "constraints": "", "priority": 0, "syncedParticipants": 1}, "buildingBlocks": [{"instanceID": "opendss0", "domain": "energy", "layer": "network", "type": "OpenDSSWrapper", "stepLength": 1000, "isExternal": false, "parameters": {}, "resources": {"FourBus.dss": "Network"}, "results": {}, "responsibilities": ["*"], "synchronized": true, "observers": [{"task": "publish", "element": "bus", "filter": "nonexistent_bus", "period": 1000, "trigger": "", "type": "avro"}]}], "translators": [], "projectors": []} (eu.fau.cs7.daceDS.SimService.Utils.SendScenarioObject:133)
Setting properties for Kafka
[2026-10-08 09:30:17,589] INFO KafkaAvroSerializerConfig values: 
	auto.register.schemas = true
	avro.remove.java.properties = false
	basic.auth.credentials.source = URL
	basic.auth.user.info = [hidden]
	bearer.auth.credentials.source = STATIC_TOKEN
	bearer.auth.token = [hidden]
	key.subject.name.strategy = class io.confluent.kafka.serializers.subject.TopicNameStrategy
	latest.compatibility.strict = true
	max.schemas.per.subject = 1000
	proxy.host = 
	proxy.port = -1
	schema.reflection = false
	schema.registry.basic.auth.user.info = [hidden]
	schema.registry.ssl.cipher.suites = null
	schema.registry.ssl.enabled.protocols = [TLSv1.2, TLSv1.3]
	schema.registry.ssl.endpoint.identification.algorithm = https
	schema.registry.ssl.engine.factory.class = null
	schema.registry.ssl.key.password = null
	schema.registry.ssl.keymanager.algorithm = SunX509
	schema.registry.ssl.keystore.certificate.chain = null
	schema.registry.ssl.keystore.key = null
	schema.registry.ssl.keystore.location = null
	schema.registry.ssl.keystore.password = null
	schema.registry.ssl.keystore.type = JKS
	schema.registry.ssl.protocol = TLSv1.3
	schema.registry.ssl.provider = null
	schema.registry.ssl.secure.random.implementation = null
	schema.registry.ssl.trustmanager.algorithm = PKIX
	schema.registry.ssl.truststore.certificates = null
	schema.registry.ssl.truststore.location = null
	schema.registry.ssl.truststore.password = null
	schema.registry.ssl.truststore.type = JKS
	schema.registry.url = [http://localhost:8081]
	use.latest.version = false
	value.subject.name.strategy = class io.confluent.kafka.serializers.subject.RecordNameStrategy
 (io.confluent.kafka.serializers.KafkaAvroSerializerConfig:372)
[2026-10-08 09:30:17,700] INFO Producer will connect to localhost:9092 and http://localhost:8081 (eu.fau.cs7.daceDS.Kafka.ProducerImplKafka:58)
[2026-10-08 09:30:17,700] INFO KafkaPublisher initialized. (eu.fau.cs7.daceDS.SimService.Utils.SendScenarioObject:145)
[2026-10-08 09:30:18,494] INFO ScenarioDescription sent to orchestration.simulation. Waiting for ack... (eu.fau.cs7.daceDS.SimService.Utils.SendScenarioObject:147)
[2026-10-08 09:30:18,537] INFO KafkaAvroDeserializerConfig values: 
	auto.register.schemas = true
	basic.auth.credentials.source = URL
	basic.auth.user.info = [hidden]
	bearer.auth.credentials.source = STATIC_TOKEN
	bearer.auth.token = [hidden]
	key.subject.name.strategy = class io.confluent.kafka.serializers.subject.TopicNameStrategy
	latest.compatibility.strict = true
	max.schemas.per.subject = 1000
	proxy.host = 
	proxy.port = -1
	schema.reflection = false
	schema.registry.basic.auth.user.info = [hidden]
	schema.registry.ssl.cipher.suites = null
	schema.registry.ssl.enabled.protocols = [TLSv1.2, TLSv1.3]
	schema.registry.ssl.endpoint.identification.algorithm = https
	schema.registry.ssl.engine.factory.class = null
	schema.registry.ssl.key.password = null
	schema.registry.ssl.keymanager.algorithm = SunX509
	schema.registry.ssl.keystore.certificate.chain = null
	schema.registry.ssl.keystore.key = null
	schema.registry.ssl.keystore.location = null
	schema.registry.ssl.keystore.password = null
	schema.registry.ssl.keystore.type = JKS
	schema.registry.ssl.protocol = TLSv1.3
	schema.registry.ssl.provider = null
	schema.registry.ssl.secure.random.implementation = null
	schema.registry.ssl.trustmanager.algorithm = PKIX
	schema.registry.ssl.truststore.certificates = null
	schema.registry.ssl.truststore.location = null
	schema.registry.ssl.truststore.password = null
	schema.registry.ssl.truststore.type = JKS
	schema.registry.url = [http://localhost:8081]
	specific.avro.reader = true
	use.latest.version = false
	value.subject.name.strategy = class io.confluent.kafka.serializers.subject.RecordNameStrategy
 (io.confluent.kafka.serializers.KafkaAvroDeserializerConfig:372)
Wait for acceptance by checking ack in provision.simulation.smoke_accb75a529b444b18518cc705828920e.scenario
msg:1
Listening ....
SendScenarioObject: Scenario accepted
Setting properties for Kafka
[2026-10-08 09:30:19,600] INFO KafkaAvroSerializerConfig values: 
	auto.register.schemas = true
	avro.remove.java.properties = false
	basic.auth.credentials.source = URL
	basic.auth.user.info = [hidden]
	bearer.auth.credentials.source = STATIC_TOKEN
	bearer.auth.token = [hidden]
	key.subject.name.strategy = class io.confluent.kafka.serializers.subject.TopicNameStrategy
	latest.compatibility.strict = true
	max.schemas.per.subject = 1000
	proxy.host = 
	proxy.port = -1
	schema.reflection = false
	schema.registry.basic.auth.user.info = [hidden]
	schema.registry.ssl.cipher.suites = null
	schema.registry.ssl.enabled.protocols = [TLSv1.2, TLSv1.3]
	schema.registry.ssl.endpoint.identification.algorithm = https
	schema.registry.ssl.engine.factory.class = null
	schema.registry.ssl.key.password = null
	schema.registry.ssl.keymanager.algorithm = SunX509
	schema.registry.ssl.keystore.certificate.chain = null
	schema.registry.ssl.keystore.key = null
	schema.registry.ssl.keystore.location = null
	schema.registry.ssl.keystore.password = null
	schema.registry.ssl.keystore.type = JKS
	schema.registry.ssl.protocol = TLSv1.3
	schema.registry.ssl.provider = null
	schema.registry.ssl.secure.random.implementation = null
	schema.registry.ssl.trustmanager.algorithm = PKIX
	schema.registry.ssl.truststore.certificates = null
	schema.registry.ssl.truststore.location = null
	schema.registry.ssl.truststore.password = null
	schema.registry.ssl.truststore.type = JKS
	schema.registry.url = [http://localhost:8081]
	use.latest.version = false
	value.subject.name.strategy = class io.confluent.kafka.serializers.subject.RecordNameStrategy
 (io.confluent.kafka.serializers.KafkaAvroSerializerConfig:372)
[2026-10-08 09:30:19,604] INFO Producer will connect to localhost:9092 and http://localhost:8081 (eu.fau.cs7.daceDS.Kafka.ProducerImplKafka:58)
[2026-10-08 09:30:19,604] INFO Publishing resources... (eu.fau.cs7.daceDS.SimService.Utils.SendScenarioObject:162)
[2026-10-08 09:30:19,844] INFO Published dummy resource  (eu.fau.cs7.daceDS.SimService.Utils.SendScenarioObject:208)
[2026-10-08 09:30:19,857] INFO File Path:/mnt/c/Users/nurbek/Desktop/DaceDSX/_data/results/opendss_full_run/FourBus.dss (eu.fau.cs7.daceDS.SimService.Utils.SendScenarioObject:228)
[2026-10-08 09:30:19,873] INFO Published resource: FourBus.dss as Network on provision.simulation.smoke_accb75a529b444b18518cc705828920e.resource (eu.fau.cs7.daceDS.SimService.Utils.SendScenarioObject:238)
[2026-10-08 09:30:19,876] INFO Publishing resources... Done! (eu.fau.cs7.daceDS.SimService.Utils.SendScenarioObject:264)
[2026-10-08 09:30:19,883] INFO String-Listener is triggered for status (eu.fau.cs7.daceDS.SimService.Utils.SendScenarioObject:271)
[2026-10-08 09:30:19,884] INFO No listener was requested! Simulation should run -> I am done! (eu.fau.cs7.daceDS.SimService.Utils.SendScenarioObject:323)
listening to pattern=orchestration\.simulation\.smoke_accb75a529b444b18518cc705828920e\.status
[34m[0000001] [0mlogical: -1 | orchestration.simulation.smoke_accb75a529b444b18518cc705828920e.status | opendss0: started
[34m[0000002] [0mlogical: -1 | orchestration.simulation.smoke_accb75a529b444b18518cc705828920e.status | opendss0: waiting for resources
[34m[0000003] [0mlogical: -1 | orchestration.simulation.smoke_accb75a529b444b18518cc705828920e.status | opendss0: failed
[2026-10-08 09:30:22,352] ERROR Scenario participant failed: opendss0: failed (eu.fau.cs7.daceDS.SimService.Utils.SendScenarioObject:548)
