***Starting server on port 52829 ***
Loading net-file from '/home/niebisch/Documents/manhatten_grid/manhattengrid.net.xml' ... done (190ms).
Loading done.
Warning: Ids of internal routes are ignored (vehicle 'vehicle0').
Warning: Ids of internal routes are ignored (vehicle 'vehicle1').
Warning: Ids of internal routes are ignored (vehicle 'vehicle2').
Warning: Ids of internal routes are ignored (vehicle 'vehicle3').
Warning: Ids of internal routes are ignored (vehicle 'vehicle4').
Warning: Ids of internal routes are ignored (vehicle 'vehicle5').
Warning: Ids of internal routes are ignored (vehicle 'vehicle6').
Warning: Ids of internal routes are ignored (vehicle 'vehicle7').
Warning: Ids of internal routes are ignored (vehicle 'vehicle8').
Warning: Ids of internal routes are ignored (vehicle 'vehicle9').
Warning: Ids of internal routes are ignored (vehicle 'vehicle10').
Warning: Ids of internal routes are ignored (vehicle 'vehicle11').
Warning: Ids of internal routes are ignored (vehicle 'vehicle12').
Warning: Ids of internal routes are ignored (vehicle 'vehicle13').
Warning: Ids of internal routes are ignored (vehicle 'vehicle14').
Warning: Ids of internal routes are ignored (vehicle 'vehicle15').
Warning: Ids of internal routes are ignored (vehicle 'vehicle16').
Warning: Ids of internal routes are ignored (vehicle 'vehicle17').
Warning: Ids of internal routes are ignored (vehicle 'vehicle18').
Warning: Ids of internal routes are ignored (vehicle 'vehicle19').
Warning: Ids of internal routes are ignored (vehicle 'vehicle20').
Warning: Ids of internal routes are ignored (vehicle 'vehicle21').
Warning: Ids of internal routes are ignored (vehicle 'vehicle22').
Warning: Ids of internal routes are ignored (vehicle 'vehicle23').
Warning: Ids of internal routes are ignored (vehicle 'vehicle24').
Warning: Ids of internal routes are ignored (vehicle 'vehicle25').
Warning: Ids of internal routes are ignored (vehicle 'vehicle26').
Warning: Ids of internal routes are ignored (vehicle 'vehicle27').
Warning: Ids of internal routes are ignored (vehicle 'vehicle28').
Warning: Ids of internal routes are ignored (vehicle 'vehicle29').
Warning: Ids of internal routes are ignored (vehicle 'vehicle30').
Warning: Ids of internal routes are ignored (vehicle 'vehicle31').
Warning: Ids of internal routes are ignored (vehicle 'vehicle32').
Warning: Ids of internal routes are ignored (vehicle 'vehicle33').
Warning: Ids of internal routes are ignored (vehicle 'vehicle34').
Warning: Ids of internal routes are ignored (vehicle 'vehicle35').
Warning: Ids of internal routes are ignored (vehicle 'vehicle36').
Warning: Ids of internal routes are ignored (vehicle 'vehicle37').
Warning: Ids of internal routes are ignored (vehicle 'vehicle38').
Warning: Ids of internal routes are ignored (vehicle 'vehicle39').
Warning: Ids of internal routes are ignored (vehicle 'vehicle40').
Warning: Ids of internal routes are ignored (vehicle 'vehicle41').
Warning: Ids of internal routes are ignored (vehicle 'vehicle42').
Warning: Ids of internal routes are ignored (vehicle 'vehicle43').
Warning: Ids of internal routes are ignored (vehicle 'vehicle44').
Warning: Ids of internal routes are ignored (vehicle 'vehicle45').
Warning: Ids of internal routes are ignored (vehicle 'vehicle46').
Warning: Ids of internal routes are ignored (vehicle 'vehicle47').
Warning: Ids of internal routes are ignored (vehicle 'vehicle48').
Warning: Ids of internal routes are ignored (vehicle 'vehicle49').
Warning: Ids of internal routes are ignored (vehicle 'vehicle50').
Warning: Ids of internal routes are ignored (vehicle 'vehicle51').
Warning: Ids of internal routes are ignored (vehicle 'vehicle52').
Warning: Ids of internal routes are ignored (vehicle 'vehicle53').
Warning: Ids of internal routes are ignored (vehicle 'vehicle54').
Warning: Ids of internal routes are ignored (vehicle 'vehicle55').
Warning: Ids of internal routes are ignored (vehicle 'vehicle56').
Warning: Ids of internal routes are ignored (vehicle 'vehicle57').
Warning: Ids of internal routes are ignored (vehicle 'vehicle58').
Warning: Ids of internal routes are ignored (vehicle 'vehicle59').
Warning: Ids of internal routes are ignored (vehicle 'vehicle60').
Warning: Ids of internal routes are ignored (vehicle 'vehicle61').
Warning: Ids of internal routes are ignored (vehicle 'vehicle62').
Warning: Ids of internal routes are ignored (vehicle 'vehicle63').
Warning: Ids of internal routes are ignored (vehicle 'vehicle64').
Warning: Ids of internal routes are ignored (vehicle 'vehicle65').
Warning: Ids of internal routes are ignored (vehicle 'vehicle66').
Warning: Ids of internal routes are ignored (vehicle 'vehicle67').
Warning: Ids of internal routes are ignored (vehicle 'vehicle68').
Warning: Ids of internal routes are ignored (vehicle 'vehicle69').
Warning: Ids of internal routes are ignored (vehicle 'vehicle70').
Warning: Ids of internal routes are ignored (vehicle 'vehicle71').
Warning: Ids of internal routes are ignored (vehicle 'vehicle72').
Warning: Ids of internal routes are ignored (vehicle 'vehicle73').
Warning: Ids of internal routes are ignored (vehicle 'vehicle74').
Warning: Ids of internal routes are ignored (vehicle 'vehicle75').
Warning: Ids of internal routes are ignored (vehicle 'vehicle76').
Warning: Ids of internal routes are ignored (vehicle 'vehicle77').
Warning: Ids of internal routes are ignored (vehicle 'vehicle78').
Warning: Ids of internal routes are ignored (vehicle 'vehicle79').
Warning: Ids of internal routes are ignored (vehicle 'vehicle80').
Warning: Ids of internal routes are ignored (vehicle 'vehicle81').
Warning: Ids of internal routes are ignored (vehicle 'vehicle82').
Warning: Ids of internal routes are ignored (vehicle 'vehicle83').
Warning: Ids of internal routes are ignored (vehicle 'vehicle84').
Warning: Ids of internal routes are ignored (vehicle 'vehicle85').
Warning: Ids of internal routes are ignored (vehicle 'vehicle86').
Warning: Ids of internal routes are ignored (vehicle 'vehicle87').
Warning: Ids of internal routes are ignored (vehicle 'vehicle88').
Warning: Ids of internal routes are ignored (vehicle 'vehicle89').
Warning: Ids of internal routes are ignored (vehicle 'vehicle90').
Warning: Ids of internal routes are ignored (vehicle 'vehicle91').
Warning: Ids of internal routes are ignored (vehicle 'vehicle92').
Warning: Ids of internal routes are ignored (vehicle 'vehicle93').
Warning: Ids of internal routes are ignored (vehicle 'vehicle94').
Warning: Ids of internal routes are ignored (vehicle 'vehicle95').
Warning: Ids of internal routes are ignored (vehicle 'vehicle96').
Warning: Ids of internal routes are ignored (vehicle 'vehicle97').
Warning: Ids of internal routes are ignored (vehicle 'vehicle98').
Warning: Ids of internal routes are ignored (vehicle 'vehicle99').
Warning: Ids of internal routes are ignored (vehicle 'vehicle100').
Warning: Ids of internal routes are ignored (vehicle 'vehicle101').
Warning: Ids of internal routes are ignored (vehicle 'vehicle102').
Warning: Ids of internal routes are ignored (vehicle 'vehicle103').
Warning: Ids of internal routes are ignored (vehicle 'vehicle104').
Warning: Ids of internal routes are ignored (vehicle 'vehicle105').
Warning: Ids of internal routes are ignored (vehicle 'vehicle106').
Warning: Ids of internal routes are ignored (vehicle 'vehicle107').
Warning: Ids of internal routes are ignored (vehicle 'vehicle108').
Warning: Ids of internal routes are ignored (vehicle 'vehicle109').
Warning: Ids of internal routes are ignored (vehicle 'vehicle110').
Warning: Ids of internal routes are ignored (vehicle 'vehicle111').
Warning: Ids of internal routes are ignored (vehicle 'vehicle112').
Warning: Ids of internal routes are ignored (vehicle 'vehicle113').
Warning: Ids of internal routes are ignored (vehicle 'vehicle114').
Warning: Ids of internal routes are ignored (vehicle 'vehicle115').
Warning: Ids of internal routes are ignored (vehicle 'vehicle116').
Warning: Ids of internal routes are ignored (vehicle 'vehicle117').
Warning: Ids of internal routes are ignored (vehicle 'vehicle118').
Warning: Ids of internal routes are ignored (vehicle 'vehicle119').
Warning: Ids of internal routes are ignored (vehicle 'vehicle120').
Warning: Ids of internal routes are ignored (vehicle 'vehicle121').
Warning: Ids of internal routes are ignored (vehicle 'vehicle122').
Warning: Ids of internal routes are ignored (vehicle 'vehicle123').
Warning: Ids of internal routes are ignored (vehicle 'vehicle124').
Warning: Ids of internal routes are ignored (vehicle 'vehicle125').
Warning: Ids of internal routes are ignored (vehicle 'vehicle126').
Warning: Ids of internal routes are ignored (vehicle 'vehicle127').
Warning: Ids of internal routes are ignored (vehicle 'vehicle128').
Warning: Ids of internal routes are ignored (vehicle 'vehicle129').
Warning: Ids of internal routes are ignored (vehicle 'vehicle130').
Warning: Ids of internal routes are ignored (vehicle 'vehicle131').
Warning: Ids of internal routes are ignored (vehicle 'vehicle132').
Warning: Ids of internal routes are ignored (vehicle 'vehicle133').
Warning: Ids of internal routes are ignored (vehicle 'vehicle134').
Warning: Ids of internal routes are ignored (vehicle 'vehicle135').
Warning: Ids of internal routes are ignored (vehicle 'vehicle136').
Warning: Ids of internal routes are ignored (vehicle 'vehicle137').
Warning: Ids of internal routes are ignored (vehicle 'vehicle138').
Warning: Ids of internal routes are ignored (vehicle 'vehicle139').
Warning: Ids of internal routes are ignored (vehicle 'vehicle140').
Warning: Ids of internal routes are ignored (vehicle 'vehicle141').
Warning: Ids of internal routes are ignored (vehicle 'vehicle142').
Warning: Ids of internal routes are ignored (vehicle 'vehicle143').
Simulation version 1.15.0 started with time: 0.00.
Error: tcpip::Socket::recvAndCheck @ recv: peer shutdown
Quitting (on error).
